I'm sorry, but errors were detected in your script. Please correct the
errors listed below, and try again.


File "game/script.rpy", line 198: expected statement.
    povname = "Fisher"
            ^

Ren'Py Version: Ren'Py 8.2.1.24030407
Tue May  7 10:29:26 2024
